
> discretwebsite@0.1.0 build
> next build

▲ Next.js 16.1.6 (Turbopack)

  Creating an optimized production build ...
✓ Compiled successfully in 9.2s
  Running TypeScript ...
  Collecting page data using 7 workers ...
  Generating static pages using 7 workers (0/7) ...
node.exe : ⚠ 
metadataBase property 
in metadata export is 
not set for resolving 
social open graph or 
twitter images, using 
"http://localhost:3000
". See https://nextjs.
org/docs/app/api-refer
ence/functions/generat
e-metadata#metadatabas
e
At line:1 char:1
+ & "C:\Program Files\
nodejs/node.exe" 
"C:\Program 
Files\nodejs/node_mo 
...
+ ~~~~~~~~~~~~~~~~~~~~
~~~~~~~~~~~~~~~~~~~~~~
~~~~~~~~~~~~~~~~~~~~~~
~~~~~
    + CategoryInfo    
          : NotSpeci  
  fied: (⚠ metadata   
 Base ...ta#metada    
tabase:String) []    
, RemoteException
    + FullyQualifiedE 
   rrorId : NativeCo  
  mmandError
 
  Generating static pages using 7 workers (1/7) 
  Generating static pages using 7 workers (3/7) 
  Generating static pages using 7 workers (5/7) 
✓ Generating static pages using 7 workers (7/7) in 1082.7ms
  Finalizing page optimization ...

Route (app)
┌ ○ /
├ ○ /_not-found
├ ○ /about
├ ○ /robots.txt
└ ○ /sitemap.xml


○  (Static)  prerendered as static content

